# yersinia v0.8.2 started in noam on Thu Nov  7 10:08:27 2024

Network Interface wlo1

 wlo1 iflinkname EN10MB
 wlo1 iflinkdesc Ethernet
 wlo1 MAC = cc15.31f9.155a
Network Interface lo

 lo iflinkname EN10MB
 lo iflinkdesc Ethernet
 lo MAC = 0000.0000.0000
Network Interface eno2

 eno2 iflinkname EN10MB
 eno2 iflinkdesc Ethernet
 eno2 MAC = 50eb.f68d.18d6
Network Interface virbr0

 virbr0 iflinkname EN10MB
 virbr0 iflinkdesc Ethernet
 virbr0 MAC = 5254.0070.8a73
Network Interface bluetooth0
Network Interface bluetooth-monitor
pcap_open_live failed: bluetooth-monito: No such device exists (No such device exists)
Network Interface nflog
Network Interface nfqueue
Network Interface dbus-system
Network Interface dbus-session
pcap_open_live failed: dbus-session: Failed to get session bus: /usr/bin/dbus-launch terminated abnormally without any error message

 th_uptime thread = 7600640

 gtk_gui_th = 6C00640
Error in dhcp_get_printable: len is 0 and type is 80
Error in dhcp_get_printable: len is 0 and type is 80
 attack_launch: 6C00640 Attack thread FFE00640 is born!!
Error in dhcp_get_printable: len is 0 and type is 80
 attack_launch: 6C00640 Attack thread 5400640 is born!!
Error in dhcp_get_printable: len is 0 and type is 80
 attack_launch: 6C00640 Attack thread F3E00640 is born!!
Error in dhcp_get_printable: len is 0 and type is 80
 attack_launch: 6C00640 Attack thread F3400640 is born!!
Error in dhcp_get_printable: len is 0 and type is 80
 attack_launch: 6C00640 Attack thread F2A00640 is born!!
Error in dhcp_get_printable: len is 0 and type is 80
Error launching attack 4Error in dhcp_get_printable: len is 0 and type is 80
Error launching attack 1Error in dhcp_get_printable: len is 0 and type is 80
Error launching attack 4Error in dhcp_get_printable: len is 0 and type is 80
Error launching attack 4Error launching attack 3Exiting GTK mode...

 gtk_gui_th_exit start...

 thread_destroy 6C00640 destroying FFE00640...
 attack_th_exit -> attack_th.stop=1   attack_th.id=FFE00640....
 attack_th_exit: FFE00640 finished
 thread_destroy 6C00640 after PTHREAD_JOIN FFE00640...

 thread_destroy 6C00640 destroying 5400640...
 attack_th_exit -> attack_th.stop=1   attack_th.id=5400640....
 attack_th_exit: 5400640 finished
 thread_destroy 6C00640 after PTHREAD_JOIN 5400640...

 thread_destroy 6C00640 destroying F3E00640...
 attack_th_exit -> attack_th.stop=1   attack_th.id=F3E00640....
 attack_th_exit: F3E00640 finished
 thread_destroy 6C00640 after PTHREAD_JOIN F3E00640...

 thread_destroy 6C00640 destroying F3400640...
 attack_th_exit -> attack_th.stop=1   attack_th.id=F3400640....
 attack_th_exit: F3400640 finished
 thread_destroy 6C00640 after PTHREAD_JOIN F3400640...

 thread_destroy 6C00640 destroying F2A00640...
 attack_th_exit -> attack_th.stop=1   attack_th.id=F2A00640....
 attack_th_exit: F2A00640 finished
 thread_destroy 6C00640 after PTHREAD_JOIN F2A00640...
 gtk_gui_th_exit finish...
 g00dbye function called from 80DAA80

 ints_destroy started...
 ints_destroy killing pcap_listener(134219328)...

 thread_destroy 80DAA80 destroying 8000640...
 thread_destroy 80DAA80 after PTHREAD_JOIN 8000640...
 ints_destroy finished...
 Showing MOTD..
# yersinia finished on Thu Nov  7 10:33:55 2024

